
                                                                              
    func main() {                                                             
    	fmt.Println("hi")                                                         
    }                                                                         
                                                                              
    indented code                                                             
    second line                                                               

