                                                                              
  Term                                                                        
  🠶 Definition one                                                            
                                                                              
  🠶 Definition two                                                            
                                                                              
  Another                                                                     
  🠶 And its definition                                                        
                                                                              
