
                                                                              
  --------                                                                    
                                                                              
  ## title: Test                                                              
  tags: [a, b]                                                                
                                                                              
  # After frontmatter                                                         
                                                                              
  Body text.                                                                  

