                                                                              
  [38;5;212;1mH1[m                                                                          
                                                                              
  [38;5;212;1m▌ [m[38;5;212;1mH2[m                                                                        
                                                                              
  [38;5;212;1m┃ [m[38;5;212;1mH3[m                                                                        
                                                                              
  [38;5;212;1m│ [m[38;5;212;1mH4[m                                                                        
                                                                              
  [38;5;212;1m┆ [m[38;5;212;1mH5[m                                                                        
                                                                              
  [38;5;212m┊ [m[38;5;212mH6[m                                                                        
