                                                                              
  Inside html & entities <here>.                                              
                                                                              
  Inline html too.                                                            
