
  A ]8;id=1577579631;https://example.com/pagelink]8;; ]8;id=1577579631;https://example.com/pagehttps://example.com/page]8;; and an Image: ]8;id=3020396926;img/pic.pngimage]8;; →                       
  ]8;id=3020396926;img/pic.pnghttps://example.com/docs/img/pic.png]8;;.                                       
                                                                              
  A ]8;id=3731002685;../other/page.mdrelative]8;; ]8;id=3731002685;../other/page.mdhttps://example.com/other/page.md]8;; link and a fragment one.       
                                                                              
  ]8;id=4246511858;https://autolink.example.comhttps://autolink.example.com]8;;                                                
                                                                              
  Bare ]8;id=873418569;http://www.example.comhttp://www.example.com]8;; text.                                           

