  A ]8;id=1577579631;https://example.com/page[1mlink[m]8;; [38;5;99;4m]8;id=1577579631;https://example.com/pagehttps://example.com/page]8;;[m and an Image: ]8;id=3020396926;img/pic.pngimage]8;;                         
  [4m]8;id=3020396926;img/pic.pnghttps://example.com/docs/img/pic.png]8;;[m.                                       
                                                                              
  A ]8;id=3731002685;../other/page.md[1mrelative[m]8;; [38;5;99;4m]8;id=3731002685;../other/page.mdhttps://example.com/other/page.md]8;;[m link and a [1mfragment[m one.       
                                                                              
  [38;5;99;4m]8;id=4246511858;https://autolink.example.comhttps://autolink.example.com]8;;[m                                                
                                                                              
  Bare [38;5;99;4m]8;id=873418569;http://www.example.comhttp://www.example.com]8;;[m text.                                           
