                                                                              
  │ a quote                                                                   
  │ spanning lines                                                            
  [38;5;212m[m                                                                            
  [38;5;212m──────[m                                                                      
  [38;5;212m[m                                                                            
  Text after a rule.                                                          
