
                                                                              
   a                                    | b                                   
  --------------------------------------|-------------------------------------
   1                                    | 2                                   
   33                                   | 44                                  
                                                                              
   left                    |         center          |                  right 
  -------------------------|-------------------------|------------------------
   x                       |            y            |                      z 

