  Some [3memphasis[m, some [1mstrong[m, some [9mstrikethrough[m and a [38;5;212;48;5;236m code span [m.           
                                                                              
  A paragraph that is long enough to need wrapping at eighty columns because  
  it just keeps going and going and going without stopping.                   
                                                                              
  A soft                                                                      
  line                                                                        
  break.                                                                      
                                                                              
  Escapes: * _ # [ ] ( ) { } < > | + - . ! \ `                                
