
  Some *emphasis*, some **strong**, some ~~strikethrough~~ and a code span.   
                                                                              
  A paragraph that is long enough to need wrapping at eighty columns because  
  it just keeps going and going and going without stopping.                   
                                                                              
  A soft                                                                      
  line                                                                        
  break.                                                                      
                                                                              
  Escapes: * _ # [ ] ( ) { } < > | + - . ! \ `                                

